
> case-study-mcq-app@0.1.0 test
> jest __tests__/adaptiveEngine.test.ts __tests__/practice.test.ts __tests__/differential.test.ts __tests__/reviewBuilder.test.ts

PASS __tests__/differential.test.ts
  ● Console

    console.warn
      [zustand persist middleware] Unable to update item 'caselens-storage', the given storage is currently unavailable.

    [0m [90m 572 |[39m         }))[33m,[39m
     [90m 573 |[39m         
    [31m[1m>[22m[39m[90m 574 |[39m       clearAllCases[33m:[39m () [33m=>[39m [36mset[39m({ cases[33m:[39m [][33m,[39m conceptPerformances[33m:[39m {} })[33m,[39m
     [90m     |[39m                            [31m[1m^[22m[39m
     [90m 575 |[39m       
     [90m 576 |[39m       updateConceptPerformance[33m:[39m (performance) [33m=>[39m 
     [90m 577 |[39m         [36mset[39m((state) [33m=>[39m ({[0m

      at node_modules/zustand/middleware.js:351:17
      at Object.clearAllCases (lib/store.ts:574:28)
      at Object.<anonymous> (__tests__/differential.test.ts:5:29)

    console.warn
      [zustand persist middleware] Unable to update item 'caselens-storage', the given storage is currently unavailable.

    [0m [90m 572 |[39m         }))[33m,[39m
     [90m 573 |[39m         
    [31m[1m>[22m[39m[90m 574 |[39m       clearAllCases[33m:[39m () [33m=>[39m [36mset[39m({ cases[33m:[39m [][33m,[39m conceptPerformances[33m:[39m {} })[33m,[39m
     [90m     |[39m                            [31m[1m^[22m[39m
     [90m 575 |[39m       
     [90m 576 |[39m       updateConceptPerformance[33m:[39m (performance) [33m=>[39m 
     [90m 577 |[39m         [36mset[39m((state) [33m=>[39m ({[0m

      at node_modules/zustand/middleware.js:351:17
      at Object.clearAllCases (lib/store.ts:574:28)
      at Object.<anonymous> (__tests__/differential.test.ts:5:29)

    console.warn
      [zustand persist middleware] Unable to update item 'caselens-storage', the given storage is currently unavailable.

    [0m [90m 558 |[39m       
     [90m 559 |[39m       addCase[33m:[39m (caseStudy) [33m=>[39m
    [31m[1m>[22m[39m[90m 560 |[39m         [36mset[39m((state) [33m=>[39m ({ cases[33m:[39m [caseStudy[33m,[39m [33m...[39mstate[33m.[39mcases] }))[33m,[39m
     [90m     |[39m         [31m[1m^[22m[39m
     [90m 561 |[39m         
     [90m 562 |[39m       updateCase[33m:[39m (id[33m,[39m updates) [33m=>[39m
     [90m 563 |[39m         [36mset[39m((state) [33m=>[39m ({[0m

      at node_modules/zustand/middleware.js:351:17
      at Object.addCase (lib/store.ts:560:9)
      at Object.<anonymous> (__tests__/differential.test.ts:37:29)

    console.warn
      [zustand persist middleware] Unable to update item 'caselens-storage', the given storage is currently unavailable.

    [0m [90m 589 |[39m         
     [90m 590 |[39m       updateDifferentialDraft[33m:[39m (caseId[33m,[39m draft) [33m=>[39m
    [31m[1m>[22m[39m[90m 591 |[39m         [36mset[39m((state) [33m=>[39m ({
     [90m     |[39m         [31m[1m^[22m[39m
     [90m 592 |[39m           cases[33m:[39m state[33m.[39mcases[33m.[39mmap((c) [33m=>[39m
     [90m 593 |[39m             c[33m.[39mid [33m===[39m caseId [33m?[39m { [33m...[39mc[33m,[39m differentialDraft[33m:[39m draft } [33m:[39m c
     [90m 594 |[39m           )[33m,[39m[0m

      at node_modules/zustand/middleware.js:351:17
      at Object.updateDifferentialDraft (lib/store.ts:591:9)
      at Object.<anonymous> (__tests__/differential.test.ts:48:29)

    console.warn
      [zustand persist middleware] Unable to update item 'caselens-storage', the given storage is currently unavailable.

    [0m [90m 572 |[39m         }))[33m,[39m
     [90m 573 |[39m         
    [31m[1m>[22m[39m[90m 574 |[39m       clearAllCases[33m:[39m () [33m=>[39m [36mset[39m({ cases[33m:[39m [][33m,[39m conceptPerformances[33m:[39m {} })[33m,[39m
     [90m     |[39m                            [31m[1m^[22m[39m
     [90m 575 |[39m       
     [90m 576 |[39m       updateConceptPerformance[33m:[39m (performance) [33m=>[39m 
     [90m 577 |[39m         [36mset[39m((state) [33m=>[39m ({[0m

      at node_modules/zustand/middleware.js:351:17
      at Object.clearAllCases (lib/store.ts:574:28)
      at Object.<anonymous> (__tests__/differential.test.ts:5:29)

    console.warn
      [zustand persist middleware] Unable to update item 'caselens-storage', the given storage is currently unavailable.

    [0m [90m 558 |[39m       
     [90m 559 |[39m       addCase[33m:[39m (caseStudy) [33m=>[39m
    [31m[1m>[22m[39m[90m 560 |[39m         [36mset[39m((state) [33m=>[39m ({ cases[33m:[39m [caseStudy[33m,[39m [33m...[39mstate[33m.[39mcases] }))[33m,[39m
     [90m     |[39m         [31m[1m^[22m[39m
     [90m 561 |[39m         
     [90m 562 |[39m       updateCase[33m:[39m (id[33m,[39m updates) [33m=>[39m
     [90m 563 |[39m         [36mset[39m((state) [33m=>[39m ({[0m

      at node_modules/zustand/middleware.js:351:17
      at Object.addCase (lib/store.ts:560:9)
      at Object.<anonymous> (__tests__/differential.test.ts:55:29)

    console.warn
      [zustand persist middleware] Unable to update item 'caselens-storage', the given storage is currently unavailable.

    [0m [90m 596 |[39m
     [90m 597 |[39m       submitDifferential[33m:[39m (caseId[33m,[39m submission) [33m=>[39m
    [31m[1m>[22m[39m[90m 598 |[39m         [36mset[39m((state) [33m=>[39m ({
     [90m     |[39m         [31m[1m^[22m[39m
     [90m 599 |[39m           cases[33m:[39m state[33m.[39mcases[33m.[39mmap((c) [33m=>[39m
     [90m 600 |[39m             c[33m.[39mid [33m===[39m caseId
     [90m 601 |[39m               [33m?[39m {[0m

      at node_modules/zustand/middleware.js:351:17
      at Object.submitDifferential (lib/store.ts:598:9)
      at Object.<anonymous> (__tests__/differential.test.ts:67:29)

    console.warn
      [zustand persist middleware] Unable to update item 'caselens-storage', the given storage is currently unavailable.

    [0m [90m 572 |[39m         }))[33m,[39m
     [90m 573 |[39m         
    [31m[1m>[22m[39m[90m 574 |[39m       clearAllCases[33m:[39m () [33m=>[39m [36mset[39m({ cases[33m:[39m [][33m,[39m conceptPerformances[33m:[39m {} })[33m,[39m
     [90m     |[39m                            [31m[1m^[22m[39m
     [90m 575 |[39m       
     [90m 576 |[39m       updateConceptPerformance[33m:[39m (performance) [33m=>[39m 
     [90m 577 |[39m         [36mset[39m((state) [33m=>[39m ({[0m

      at node_modules/zustand/middleware.js:351:17
      at Object.clearAllCases (lib/store.ts:574:28)
      at Object.<anonymous> (__tests__/differential.test.ts:5:29)

    console.warn
      [zustand persist middleware] Unable to update item 'caselens-storage', the given storage is currently unavailable.

    [0m [90m 558 |[39m       
     [90m 559 |[39m       addCase[33m:[39m (caseStudy) [33m=>[39m
    [31m[1m>[22m[39m[90m 560 |[39m         [36mset[39m((state) [33m=>[39m ({ cases[33m:[39m [caseStudy[33m,[39m [33m...[39mstate[33m.[39mcases] }))[33m,[39m
     [90m     |[39m         [31m[1m^[22m[39m
     [90m 561 |[39m         
     [90m 562 |[39m       updateCase[33m:[39m (id[33m,[39m updates) [33m=>[39m
     [90m 563 |[39m         [36mset[39m((state) [33m=>[39m ({[0m

      at node_modules/zustand/middleware.js:351:17
      at Object.addCase (lib/store.ts:560:9)
      at Object.<anonymous> (__tests__/differential.test.ts:77:29)

    console.warn
      [zustand persist middleware] Unable to update item 'caselens-storage', the given storage is currently unavailable.

    [0m [90m 610 |[39m
     [90m 611 |[39m       skipDifferential[33m:[39m (caseId) [33m=>[39m
    [31m[1m>[22m[39m[90m 612 |[39m         [36mset[39m((state) [33m=>[39m ({
     [90m     |[39m         [31m[1m^[22m[39m
     [90m 613 |[39m           cases[33m:[39m state[33m.[39mcases[33m.[39mmap((c) [33m=>[39m
     [90m 614 |[39m             c[33m.[39mid [33m===[39m caseId
     [90m 615 |[39m               [33m?[39m {[0m

      at node_modules/zustand/middleware.js:351:17
      at Object.skipDifferential (lib/store.ts:612:9)
      at Object.<anonymous> (__tests__/differential.test.ts:79:29)

    console.warn
      [zustand persist middleware] Unable to update item 'caselens-storage', the given storage is currently unavailable.

    [0m [90m 572 |[39m         }))[33m,[39m
     [90m 573 |[39m         
    [31m[1m>[22m[39m[90m 574 |[39m       clearAllCases[33m:[39m () [33m=>[39m [36mset[39m({ cases[33m:[39m [][33m,[39m conceptPerformances[33m:[39m {} })[33m,[39m
     [90m     |[39m                            [31m[1m^[22m[39m
     [90m 575 |[39m       
     [90m 576 |[39m       updateConceptPerformance[33m:[39m (performance) [33m=>[39m 
     [90m 577 |[39m         [36mset[39m((state) [33m=>[39m ({[0m

      at node_modules/zustand/middleware.js:351:17
      at Object.clearAllCases (lib/store.ts:574:28)
      at Object.<anonymous> (__tests__/differential.test.ts:5:29)

    console.warn
      [zustand persist middleware] Unable to update item 'caselens-storage', the given storage is currently unavailable.

    [0m [90m 558 |[39m       
     [90m 559 |[39m       addCase[33m:[39m (caseStudy) [33m=>[39m
    [31m[1m>[22m[39m[90m 560 |[39m         [36mset[39m((state) [33m=>[39m ({ cases[33m:[39m [caseStudy[33m,[39m [33m...[39mstate[33m.[39mcases] }))[33m,[39m
     [90m     |[39m         [31m[1m^[22m[39m
     [90m 561 |[39m         
     [90m 562 |[39m       updateCase[33m:[39m (id[33m,[39m updates) [33m=>[39m
     [90m 563 |[39m         [36mset[39m((state) [33m=>[39m ({[0m

      at node_modules/zustand/middleware.js:351:17
      at Object.addCase (lib/store.ts:560:9)
      at Object.<anonymous> (__tests__/differential.test.ts:87:29)

    console.warn
      [zustand persist middleware] Unable to update item 'caselens-storage', the given storage is currently unavailable.

    [0m [90m 596 |[39m
     [90m 597 |[39m       submitDifferential[33m:[39m (caseId[33m,[39m submission) [33m=>[39m
    [31m[1m>[22m[39m[90m 598 |[39m         [36mset[39m((state) [33m=>[39m ({
     [90m     |[39m         [31m[1m^[22m[39m
     [90m 599 |[39m           cases[33m:[39m state[33m.[39mcases[33m.[39mmap((c) [33m=>[39m
     [90m 600 |[39m             c[33m.[39mid [33m===[39m caseId
     [90m 601 |[39m               [33m?[39m {[0m

      at node_modules/zustand/middleware.js:351:17
      at Object.submitDifferential (lib/store.ts:598:9)
      at Object.<anonymous> (__tests__/differential.test.ts:88:29)

    console.warn
      [zustand persist middleware] Unable to update item 'caselens-storage', the given storage is currently unavailable.

    [0m [90m 631 |[39m
     [90m 632 |[39m       saveDifferentialComparison[33m:[39m (caseId[33m,[39m comparison) [33m=>[39m
    [31m[1m>[22m[39m[90m 633 |[39m         [36mset[39m((state) [33m=>[39m ({
     [90m     |[39m         [31m[1m^[22m[39m
     [90m 634 |[39m           cases[33m:[39m state[33m.[39mcases[33m.[39mmap((c) [33m=>[39m {
     [90m 635 |[39m             [36mif[39m (c[33m.[39mid [33m===[39m caseId [33m&&[39m c[33m.[39mdifferentialSubmission) {
     [90m 636 |[39m               [36mreturn[39m {[0m

      at node_modules/zustand/middleware.js:351:17
      at Object.saveDifferentialComparison (lib/store.ts:633:9)
      at Object.<anonymous> (__tests__/differential.test.ts:108:29)

    console.warn
      [zustand persist middleware] Unable to update item 'caselens-storage', the given storage is currently unavailable.

    [0m [90m 572 |[39m         }))[33m,[39m
     [90m 573 |[39m         
    [31m[1m>[22m[39m[90m 574 |[39m       clearAllCases[33m:[39m () [33m=>[39m [36mset[39m({ cases[33m:[39m [][33m,[39m conceptPerformances[33m:[39m {} })[33m,[39m
     [90m     |[39m                            [31m[1m^[22m[39m
     [90m 575 |[39m       
     [90m 576 |[39m       updateConceptPerformance[33m:[39m (performance) [33m=>[39m 
     [90m 577 |[39m         [36mset[39m((state) [33m=>[39m ({[0m

      at node_modules/zustand/middleware.js:351:17
      at Object.clearAllCases (lib/store.ts:574:28)
      at Object.<anonymous> (__tests__/differential.test.ts:5:29)

    console.warn
      [zustand persist middleware] Unable to update item 'caselens-storage', the given storage is currently unavailable.

    [0m [90m 558 |[39m       
     [90m 559 |[39m       addCase[33m:[39m (caseStudy) [33m=>[39m
    [31m[1m>[22m[39m[90m 560 |[39m         [36mset[39m((state) [33m=>[39m ({ cases[33m:[39m [caseStudy[33m,[39m [33m...[39mstate[33m.[39mcases] }))[33m,[39m
     [90m     |[39m         [31m[1m^[22m[39m
     [90m 561 |[39m         
     [90m 562 |[39m       updateCase[33m:[39m (id[33m,[39m updates) [33m=>[39m
     [90m 563 |[39m         [36mset[39m((state) [33m=>[39m ({[0m

      at node_modules/zustand/middleware.js:351:17
      at Object.addCase (lib/store.ts:560:9)
      at Object.<anonymous> (__tests__/differential.test.ts:116:29)

    console.warn
      [zustand persist middleware] Unable to update item 'caselens-storage', the given storage is currently unavailable.

    [0m [90m 596 |[39m
     [90m 597 |[39m       submitDifferential[33m:[39m (caseId[33m,[39m submission) [33m=>[39m
    [31m[1m>[22m[39m[90m 598 |[39m         [36mset[39m((state) [33m=>[39m ({
     [90m     |[39m         [31m[1m^[22m[39m
     [90m 599 |[39m           cases[33m:[39m state[33m.[39mcases[33m.[39mmap((c) [33m=>[39m
     [90m 600 |[39m             c[33m.[39mid [33m===[39m caseId
     [90m 601 |[39m               [33m?[39m {[0m

      at node_modules/zustand/middleware.js:351:17
      at Object.submitDifferential (lib/store.ts:598:9)
      at Object.<anonymous> (__tests__/differential.test.ts:117:29)

    console.warn
      [zustand persist middleware] Unable to update item 'caselens-storage', the given storage is currently unavailable.

    [0m [90m 648 |[39m
     [90m 649 |[39m       markDifferentialComparisonFailed[33m:[39m (caseId) [33m=>[39m
    [31m[1m>[22m[39m[90m 650 |[39m         [36mset[39m((state) [33m=>[39m ({
     [90m     |[39m         [31m[1m^[22m[39m
     [90m 651 |[39m           cases[33m:[39m state[33m.[39mcases[33m.[39mmap((c) [33m=>[39m
     [90m 652 |[39m             c[33m.[39mid [33m===[39m caseId [33m&&[39m c[33m.[39mdifferentialSubmission
     [90m 653 |[39m               [33m?[39m {[0m

      at node_modules/zustand/middleware.js:351:17
      at Object.markDifferentialComparisonFailed (lib/store.ts:650:9)
      at Object.<anonymous> (__tests__/differential.test.ts:127:29)

PASS __tests__/adaptiveEngine.test.ts
FAIL __tests__/reviewBuilder.test.ts
  ● buildQuestionReviewAnalysis › should generate a correct analysis for a correct attempt

    expect(received).toBeUndefined()

    Received: "Correct explanation"

    [0m [90m 69 |[39m     expect(analysis[33m.[39mselectedOptionId)[33m.[39mtoBe([32m"opt1"[39m)[33m;[39m
     [90m 70 |[39m     expect(analysis[33m.[39mconfidenceInsight)[33m.[39mtoContain([32m"You selected the correct answer with low confidence"[39m)[33m;[39m
    [31m[1m>[22m[39m[90m 71 |[39m     expect(analysis[33m.[39mselectedAnswerExplanation)[33m.[39mtoBeUndefined()[33m;[39m
     [90m    |[39m                                                [31m[1m^[22m[39m
     [90m 72 |[39m   })[33m;[39m
     [90m 73 |[39m
     [90m 74 |[39m   it([32m"should map adaptive recommendations properly"[39m[33m,[39m () [33m=>[39m {[0m

      at Object.<anonymous> (__tests__/reviewBuilder.test.ts:71:48)

PASS __tests__/practice.test.ts
  ● Console

    console.warn
      [zustand persist middleware] Unable to update item 'caselens-storage', the given storage is currently unavailable.

    [0m [90m 558 |[39m       
     [90m 559 |[39m       addCase[33m:[39m (caseStudy) [33m=>[39m
    [31m[1m>[22m[39m[90m 560 |[39m         [36mset[39m((state) [33m=>[39m ({ cases[33m:[39m [caseStudy[33m,[39m [33m...[39mstate[33m.[39mcases] }))[33m,[39m
     [90m     |[39m         [31m[1m^[22m[39m
     [90m 561 |[39m         
     [90m 562 |[39m       updateCase[33m:[39m (id[33m,[39m updates) [33m=>[39m
     [90m 563 |[39m         [36mset[39m((state) [33m=>[39m ({[0m

      at node_modules/zustand/middleware.js:351:17
      at addCase (lib/store.ts:560:9)
      at Object.<anonymous> (__tests__/practice.test.ts:10:5)

    console.warn
      [zustand persist middleware] Unable to update item 'caselens-storage', the given storage is currently unavailable.

    [0m [90m 558 |[39m       
     [90m 559 |[39m       addCase[33m:[39m (caseStudy) [33m=>[39m
    [31m[1m>[22m[39m[90m 560 |[39m         [36mset[39m((state) [33m=>[39m ({ cases[33m:[39m [caseStudy[33m,[39m [33m...[39mstate[33m.[39mcases] }))[33m,[39m
     [90m     |[39m         [31m[1m^[22m[39m
     [90m 561 |[39m         
     [90m 562 |[39m       updateCase[33m:[39m (id[33m,[39m updates) [33m=>[39m
     [90m 563 |[39m         [36mset[39m((state) [33m=>[39m ({[0m

      at node_modules/zustand/middleware.js:351:17
      at addCase (lib/store.ts:560:9)
      at Object.<anonymous> (__tests__/practice.test.ts:48:5)

    console.warn
      [zustand persist middleware] Unable to update item 'caselens-storage', the given storage is currently unavailable.

    [0m [90m 758 |[39m       createPracticeSession[33m:[39m (caseId[33m,[39m mode[33m,[39m timerConfig[33m,[39m purpose [33m=[39m [32m"standard"[39m[33m,[39m adaptiveContext) [33m=>[39m {
     [90m 759 |[39m         [36mconst[39m id [33m=[39m generateId()[33m;[39m
    [31m[1m>[22m[39m[90m 760 |[39m         [36mset[39m((state) [33m=>[39m {
     [90m     |[39m         [31m[1m^[22m[39m
     [90m 761 |[39m           [36mconst[39m newCases [33m=[39m state[33m.[39mcases[33m.[39mmap((c) [33m=>[39m {
     [90m 762 |[39m             [36mif[39m (c[33m.[39mid [33m===[39m caseId) {
     [90m 763 |[39m               [36mconst[39m questionIds [33m=[39m c[33m.[39mmcqs [33m?[39m c[33m.[39mmcqs[33m.[39mmap((q) [33m=>[39m q[33m.[39mid) [33m:[39m (c[33m.[39mquestions [33m?[39m c[33m.[39mquestions[33m.[39mmap((q) [33m=>[39m q[33m.[39mid) [33m:[39m [])[33m;[39m[0m

      at node_modules/zustand/middleware.js:351:17
      at createPracticeSession (lib/store.ts:760:9)
      at Object.<anonymous> (__tests__/practice.test.ts:62:23)

    console.warn
      [zustand persist middleware] Unable to update item 'caselens-storage', the given storage is currently unavailable.

    [0m [90m 558 |[39m       
     [90m 559 |[39m       addCase[33m:[39m (caseStudy) [33m=>[39m
    [31m[1m>[22m[39m[90m 560 |[39m         [36mset[39m((state) [33m=>[39m ({ cases[33m:[39m [caseStudy[33m,[39m [33m...[39mstate[33m.[39mcases] }))[33m,[39m
     [90m     |[39m         [31m[1m^[22m[39m
     [90m 561 |[39m         
     [90m 562 |[39m       updateCase[33m:[39m (id[33m,[39m updates) [33m=>[39m
     [90m 563 |[39m         [36mset[39m((state) [33m=>[39m ({[0m

      at node_modules/zustand/middleware.js:351:17
      at addCase (lib/store.ts:560:9)
      at Object.<anonymous> (__tests__/practice.test.ts:79:5)

    console.warn
      [zustand persist middleware] Unable to update item 'caselens-storage', the given storage is currently unavailable.

    [0m [90m 758 |[39m       createPracticeSession[33m:[39m (caseId[33m,[39m mode[33m,[39m timerConfig[33m,[39m purpose [33m=[39m [32m"standard"[39m[33m,[39m adaptiveContext) [33m=>[39m {
     [90m 759 |[39m         [36mconst[39m id [33m=[39m generateId()[33m;[39m
    [31m[1m>[22m[39m[90m 760 |[39m         [36mset[39m((state) [33m=>[39m {
     [90m     |[39m         [31m[1m^[22m[39m
     [90m 761 |[39m           [36mconst[39m newCases [33m=[39m state[33m.[39mcases[33m.[39mmap((c) [33m=>[39m {
     [90m 762 |[39m             [36mif[39m (c[33m.[39mid [33m===[39m caseId) {
     [90m 763 |[39m               [36mconst[39m questionIds [33m=[39m c[33m.[39mmcqs [33m?[39m c[33m.[39mmcqs[33m.[39mmap((q) [33m=>[39m q[33m.[39mid) [33m:[39m (c[33m.[39mquestions [33m?[39m c[33m.[39mquestions[33m.[39mmap((q) [33m=>[39m q[33m.[39mid) [33m:[39m [])[33m;[39m[0m

      at node_modules/zustand/middleware.js:351:17
      at createPracticeSession (lib/store.ts:760:9)
      at Object.<anonymous> (__tests__/practice.test.ts:93:23)

    console.warn
      [zustand persist middleware] Unable to update item 'caselens-storage', the given storage is currently unavailable.

    [0m [90m 812 |[39m
     [90m 813 |[39m       startPracticeSession[33m:[39m (caseId[33m,[39m sessionId) [33m=>[39m
    [31m[1m>[22m[39m[90m 814 |[39m         [36mset[39m((state) [33m=>[39m ({
     [90m     |[39m         [31m[1m^[22m[39m
     [90m 815 |[39m           cases[33m:[39m state[33m.[39mcases[33m.[39mmap((c) [33m=>[39m {
     [90m 816 |[39m             [36mif[39m (c[33m.[39mid [33m===[39m caseId [33m&&[39m c[33m.[39mpracticeSessions) {
     [90m 817 |[39m               [36mreturn[39m {[0m

      at node_modules/zustand/middleware.js:351:17
      at startPracticeSession (lib/store.ts:814:9)
      at Object.<anonymous> (__tests__/practice.test.ts:94:5)

    console.warn
      [zustand persist middleware] Unable to update item 'caselens-storage', the given storage is currently unavailable.

    [0m [90m 862 |[39m
     [90m 863 |[39m       submitPracticeAttempt[33m:[39m (caseId[33m,[39m sessionId[33m,[39m attempt) [33m=>[39m
    [31m[1m>[22m[39m[90m 864 |[39m         [36mset[39m((state) [33m=>[39m ({
     [90m     |[39m         [31m[1m^[22m[39m
     [90m 865 |[39m           cases[33m:[39m state[33m.[39mcases[33m.[39mmap((c) [33m=>[39m {
     [90m 866 |[39m             [36mif[39m (c[33m.[39mid [33m===[39m caseId [33m&&[39m c[33m.[39mpracticeSessions) {
     [90m 867 |[39m               [36mreturn[39m {[0m

      at node_modules/zustand/middleware.js:351:17
      at submitPracticeAttempt (lib/store.ts:864:9)
      at Object.<anonymous> (__tests__/practice.test.ts:101:5)

    console.warn
      [zustand persist middleware] Unable to update item 'caselens-storage', the given storage is currently unavailable.

    [0m [90m 943 |[39m
     [90m 944 |[39m       completePracticeSession[33m:[39m (caseId[33m,[39m sessionId[33m,[39m reason) [33m=>[39m
    [31m[1m>[22m[39m[90m 945 |[39m         [36mset[39m((state) [33m=>[39m ({
     [90m     |[39m         [31m[1m^[22m[39m
     [90m 946 |[39m           cases[33m:[39m state[33m.[39mcases[33m.[39mmap((c) [33m=>[39m {
     [90m 947 |[39m             [36mif[39m (c[33m.[39mid [33m===[39m caseId [33m&&[39m c[33m.[39mpracticeSessions) {
     [90m 948 |[39m               [36mconst[39m updatedCase [33m=[39m {[0m

      at node_modules/zustand/middleware.js:351:17
      at completePracticeSession (lib/store.ts:945:9)
      at Object.<anonymous> (__tests__/practice.test.ts:114:5)

    console.warn
      [zustand persist middleware] Unable to update item 'caselens-storage', the given storage is currently unavailable.

    [0m [90m 558 |[39m       
     [90m 559 |[39m       addCase[33m:[39m (caseStudy) [33m=>[39m
    [31m[1m>[22m[39m[90m 560 |[39m         [36mset[39m((state) [33m=>[39m ({ cases[33m:[39m [caseStudy[33m,[39m [33m...[39mstate[33m.[39mcases] }))[33m,[39m
     [90m     |[39m         [31m[1m^[22m[39m
     [90m 561 |[39m         
     [90m 562 |[39m       updateCase[33m:[39m (id[33m,[39m updates) [33m=>[39m
     [90m 563 |[39m         [36mset[39m((state) [33m=>[39m ({[0m

      at node_modules/zustand/middleware.js:351:17
      at addCase (lib/store.ts:560:9)
      at Object.<anonymous> (__tests__/practice.test.ts:125:5)

    console.warn
      [zustand persist middleware] Unable to update item 'caselens-storage', the given storage is currently unavailable.

    [0m [90m 758 |[39m       createPracticeSession[33m:[39m (caseId[33m,[39m mode[33m,[39m timerConfig[33m,[39m purpose [33m=[39m [32m"standard"[39m[33m,[39m adaptiveContext) [33m=>[39m {
     [90m 759 |[39m         [36mconst[39m id [33m=[39m generateId()[33m;[39m
    [31m[1m>[22m[39m[90m 760 |[39m         [36mset[39m((state) [33m=>[39m {
     [90m     |[39m         [31m[1m^[22m[39m
     [90m 761 |[39m           [36mconst[39m newCases [33m=[39m state[33m.[39mcases[33m.[39mmap((c) [33m=>[39m {
     [90m 762 |[39m             [36mif[39m (c[33m.[39mid [33m===[39m caseId) {
     [90m 763 |[39m               [36mconst[39m questionIds [33m=[39m c[33m.[39mmcqs [33m?[39m c[33m.[39mmcqs[33m.[39mmap((q) [33m=>[39m q[33m.[39mid) [33m:[39m (c[33m.[39mquestions [33m?[39m c[33m.[39mquestions[33m.[39mmap((q) [33m=>[39m q[33m.[39mid) [33m:[39m [])[33m;[39m[0m

      at node_modules/zustand/middleware.js:351:17
      at createPracticeSession (lib/store.ts:760:9)
      at Object.<anonymous> (__tests__/practice.test.ts:134:16)

    console.warn
      [zustand persist middleware] Unable to update item 'caselens-storage', the given storage is currently unavailable.

    [0m [90m 812 |[39m
     [90m 813 |[39m       startPracticeSession[33m:[39m (caseId[33m,[39m sessionId) [33m=>[39m
    [31m[1m>[22m[39m[90m 814 |[39m         [36mset[39m((state) [33m=>[39m ({
     [90m     |[39m         [31m[1m^[22m[39m
     [90m 815 |[39m           cases[33m:[39m state[33m.[39mcases[33m.[39mmap((c) [33m=>[39m {
     [90m 816 |[39m             [36mif[39m (c[33m.[39mid [33m===[39m caseId [33m&&[39m c[33m.[39mpracticeSessions) {
     [90m 817 |[39m               [36mreturn[39m {[0m

      at node_modules/zustand/middleware.js:351:17
      at startPracticeSession (lib/store.ts:814:9)
      at Object.<anonymous> (__tests__/practice.test.ts:135:5)

    console.warn
      [zustand persist middleware] Unable to update item 'caselens-storage', the given storage is currently unavailable.

    [0m [90m 943 |[39m
     [90m 944 |[39m       completePracticeSession[33m:[39m (caseId[33m,[39m sessionId[33m,[39m reason) [33m=>[39m
    [31m[1m>[22m[39m[90m 945 |[39m         [36mset[39m((state) [33m=>[39m ({
     [90m     |[39m         [31m[1m^[22m[39m
     [90m 946 |[39m           cases[33m:[39m state[33m.[39mcases[33m.[39mmap((c) [33m=>[39m {
     [90m 947 |[39m             [36mif[39m (c[33m.[39mid [33m===[39m caseId [33m&&[39m c[33m.[39mpracticeSessions) {
     [90m 948 |[39m               [36mconst[39m updatedCase [33m=[39m {[0m

      at node_modules/zustand/middleware.js:351:17
      at completePracticeSession (lib/store.ts:945:9)
      at Object.<anonymous> (__tests__/practice.test.ts:136:5)

    console.warn
      [zustand persist middleware] Unable to update item 'caselens-storage', the given storage is currently unavailable.

    [0m [90m 758 |[39m       createPracticeSession[33m:[39m (caseId[33m,[39m mode[33m,[39m timerConfig[33m,[39m purpose [33m=[39m [32m"standard"[39m[33m,[39m adaptiveContext) [33m=>[39m {
     [90m 759 |[39m         [36mconst[39m id [33m=[39m generateId()[33m;[39m
    [31m[1m>[22m[39m[90m 760 |[39m         [36mset[39m((state) [33m=>[39m {
     [90m     |[39m         [31m[1m^[22m[39m
     [90m 761 |[39m           [36mconst[39m newCases [33m=[39m state[33m.[39mcases[33m.[39mmap((c) [33m=>[39m {
     [90m 762 |[39m             [36mif[39m (c[33m.[39mid [33m===[39m caseId) {
     [90m 763 |[39m               [36mconst[39m questionIds [33m=[39m c[33m.[39mmcqs [33m?[39m c[33m.[39mmcqs[33m.[39mmap((q) [33m=>[39m q[33m.[39mid) [33m:[39m (c[33m.[39mquestions [33m?[39m c[33m.[39mquestions[33m.[39mmap((q) [33m=>[39m q[33m.[39mid) [33m:[39m [])[33m;[39m[0m

      at node_modules/zustand/middleware.js:351:17
      at createPracticeSession (lib/store.ts:760:9)
      at Object.<anonymous> (__tests__/practice.test.ts:139:16)


Test Suites: 1 failed, 3 passed, 4 total
Tests:       1 failed, 12 todo, 37 passed, 50 total
Snapshots:   0 total
Time:        3.55 s
Ran all test suites matching __tests__/adaptiveEngine.test.ts|__tests__/practice.test.ts|__tests__/differential.test.ts|__tests__/reviewBuilder.test.ts.
